
> frontend@0.0.0 build
> tsc -b && vite build

vite v8.0.0-beta.16 building client environment for production...
[2Ktransforming...✓ 2186 modules transformed.
✗ Build failed in 417ms
error during build:
Build failed with 1 error:

[plugin vite:css] /home/utkarsh/projects/Project_Management/frontend/src/index.css:1:0
CssSyntaxError: [postcss] /home/utkarsh/projects/Project_Management/frontend/src/index.css:1:1: The `border-border` class does not exist. If `border-border` is a custom class, make sure it is defined within a `@layer` directive.
    at Input.error (/home/utkarsh/projects/Project_Management/frontend/node_modules/postcss/lib/input.js:135:16)
    at AtRule.error (/home/utkarsh/projects/Project_Management/frontend/node_modules/postcss/lib/node.js:146:32)
    at processApply (/home/utkarsh/projects/Project_Management/frontend/node_modules/tailwindcss/lib/lib/expandApplyAtRules.js:380:29)
    at /home/utkarsh/projects/Project_Management/frontend/node_modules/tailwindcss/lib/lib/expandApplyAtRules.js:551:9
    at /home/utkarsh/projects/Project_Management/frontend/node_modules/tailwindcss/lib/processTailwindFeatures.js:55:50
    at async plugins (/home/utkarsh/projects/Project_Management/frontend/node_modules/tailwindcss/lib/plugin.js:38:17)
    at async LazyResult.runAsync (/home/utkarsh/projects/Project_Management/frontend/node_modules/postcss/lib/lazy-result.js:293:11)
    at async runPostCSS (file:///home/utkarsh/projects/Project_Management/frontend/node_modules/vite/dist/node/chunks/node.js:21288:19)
    at async compilePostCSS (file:///home/utkarsh/projects/Project_Management/frontend/node_modules/vite/dist/node/chunks/node.js:21272:6)
    at async compileCSS (file:///home/utkarsh/projects/Project_Management/frontend/node_modules/vite/dist/node/chunks/node.js:21202:26)
    at aggregateBindingErrorsIntoJsError (file:///home/utkarsh/projects/Project_Management/frontend/node_modules/rolldown/dist/shared/error-BYPsvVEN.mjs:52:18)
    at unwrapBindingResult (file:///home/utkarsh/projects/Project_Management/frontend/node_modules/rolldown/dist/shared/error-BYPsvVEN.mjs:22:128)
    at #build (file:///home/utkarsh/projects/Project_Management/frontend/node_modules/rolldown/dist/shared/rolldown-build-BsRSEDqH.mjs:3356:34)
    at async buildEnvironment (file:///home/utkarsh/projects/Project_Management/frontend/node_modules/vite/dist/node/chunks/node.js:32703:64)
    at async Object.build (file:///home/utkarsh/projects/Project_Management/frontend/node_modules/vite/dist/node/chunks/node.js:33125:19)
    at async Object.buildApp (file:///home/utkarsh/projects/Project_Management/frontend/node_modules/vite/dist/node/chunks/node.js:33122:153)
    at async CAC.<anonymous> (file:///home/utkarsh/projects/Project_Management/frontend/node_modules/vite/dist/node/cli.js:642:3) {
  errors: [Getter/Setter]
}
